GAS LISTING /tmp/ccEgTqWy.s 			page 1


   1              		.file	"main.c"
   2              		.text
   3              	.Ltext0:
   4              		.file 0 "/home/nick/Desktop/UniPi/RetiLogiche/Assembler" "./files/main.c"
   5              		.globl	orig_termios
   6              		.bss
   7              		.align 32
   8              		.type	orig_termios, @object
   9              		.size	orig_termios, 60
  10              	orig_termios:
  11 0000 00000000 		.zero	60
  11      00000000 
  11      00000000 
  11      00000000 
  11      00000000 
  12              		.text
  13              		.globl	disableRawMode
  14              		.type	disableRawMode, @function
  15              	disableRawMode:
  16              	.LFB6:
  17              		.file 1 "./files/main.c"
   1:./files/main.c **** #include <stdlib.h>
   2:./files/main.c **** #include <termios.h>
   3:./files/main.c **** #include <unistd.h>
   4:./files/main.c **** #include <stdio.h>
   5:./files/main.c **** #include <signal.h>
   6:./files/main.c **** 
   7:./files/main.c **** // This code is used to switch terminal in 'raw' mode at startup
   8:./files/main.c **** // 'cooked': terminal input is buffered, and sent to program only after ENTER is pressed.
   9:./files/main.c **** // 'raw': terminal input is not buffered, each keystroke is sent directly to the program
  10:./files/main.c **** 
  11:./files/main.c **** // Due to how our primitives work, we need 'raw' mode
  12:./files/main.c **** 
  13:./files/main.c **** // Credits to https://viewsourcecode.org/snaptoken/kilo/02.enteringRawMode.html
  14:./files/main.c **** 
  15:./files/main.c **** struct termios orig_termios;
  16:./files/main.c **** 
  17:./files/main.c **** void disableRawMode() {
  18              		.loc 1 17 23
  19              		.cfi_startproc
  20 0000 55       		pushl	%ebp
  21              		.cfi_def_cfa_offset 8
  22              		.cfi_offset 5, -8
  23 0001 89E5     		movl	%esp, %ebp
  24              		.cfi_def_cfa_register 5
  25 0003 53       		pushl	%ebx
  26 0004 83EC04   		subl	$4, %esp
  27              		.cfi_offset 3, -12
  28 0007 E8FCFFFF 		call	__x86.get_pc_thunk.ax
  28      FF
  29 000c 05010000 		addl	$_GLOBAL_OFFSET_TABLE_, %eax
  29      00
  18:./files/main.c ****   tcsetattr(STDIN_FILENO, TCSAFLUSH, &orig_termios);
  30              		.loc 1 18 3
  31 0011 83EC04   		subl	$4, %esp
  32 0014 8D900000 		leal	orig_termios@GOTOFF(%eax), %edx
  32      0000
GAS LISTING /tmp/ccEgTqWy.s 			page 2


  33 001a 52       		pushl	%edx
  34 001b 6A02     		pushl	$2
  35 001d 6A00     		pushl	$0
  36 001f 89C3     		movl	%eax, %ebx
  37 0021 E8FCFFFF 		call	tcsetattr@PLT
  37      FF
  38 0026 83C410   		addl	$16, %esp
  19:./files/main.c **** }
  39              		.loc 1 19 1
  40 0029 90       		nop
  41 002a 8B5DFC   		movl	-4(%ebp), %ebx
  42 002d C9       		leave
  43              		.cfi_restore 5
  44              		.cfi_restore 3
  45              		.cfi_def_cfa 4, 4
  46 002e C3       		ret
  47              		.cfi_endproc
  48              	.LFE6:
  49              		.size	disableRawMode, .-disableRawMode
  50              		.globl	enableRawMode
  51              		.type	enableRawMode, @function
  52              	enableRawMode:
  53              	.LFB7:
  20:./files/main.c **** 
  21:./files/main.c **** void enableRawMode() {
  54              		.loc 1 21 22
  55              		.cfi_startproc
  56 002f 55       		pushl	%ebp
  57              		.cfi_def_cfa_offset 8
  58              		.cfi_offset 5, -8
  59 0030 89E5     		movl	%esp, %ebp
  60              		.cfi_def_cfa_register 5
  61 0032 53       		pushl	%ebx
  62 0033 83EC44   		subl	$68, %esp
  63              		.cfi_offset 3, -12
  64 0036 E8FCFFFF 		call	__x86.get_pc_thunk.bx
  64      FF
  65 003b 81C30200 		addl	$_GLOBAL_OFFSET_TABLE_, %ebx
  65      0000
  22:./files/main.c ****   tcgetattr(STDIN_FILENO, &orig_termios);
  66              		.loc 1 22 3
  67 0041 83EC08   		subl	$8, %esp
  68 0044 8D830000 		leal	orig_termios@GOTOFF(%ebx), %eax
  68      0000
  69 004a 50       		pushl	%eax
  70 004b 6A00     		pushl	$0
  71 004d E8FCFFFF 		call	tcgetattr@PLT
  71      FF
  72 0052 83C410   		addl	$16, %esp
  23:./files/main.c ****   atexit(disableRawMode);
  73              		.loc 1 23 3
  74 0055 83EC0C   		subl	$12, %esp
  75 0058 8D830000 		leal	disableRawMode@GOTOFF(%ebx), %eax
  75      0000
  76 005e 50       		pushl	%eax
  77 005f E8FCFFFF 		call	atexit@PLT
  77      FF
GAS LISTING /tmp/ccEgTqWy.s 			page 3


  78 0064 83C410   		addl	$16, %esp
  24:./files/main.c ****   struct termios raw = orig_termios;
  79              		.loc 1 24 18
  80 0067 8B830000 		movl	orig_termios@GOTOFF(%ebx), %eax
  80      0000
  81 006d 8945BC   		movl	%eax, -68(%ebp)
  82 0070 8B830400 		movl	4+orig_termios@GOTOFF(%ebx), %eax
  82      0000
  83 0076 8945C0   		movl	%eax, -64(%ebp)
  84 0079 8B830800 		movl	8+orig_termios@GOTOFF(%ebx), %eax
  84      0000
  85 007f 8945C4   		movl	%eax, -60(%ebp)
  86 0082 8B830C00 		movl	12+orig_termios@GOTOFF(%ebx), %eax
  86      0000
  87 0088 8945C8   		movl	%eax, -56(%ebp)
  88 008b 8B831000 		movl	16+orig_termios@GOTOFF(%ebx), %eax
  88      0000
  89 0091 8945CC   		movl	%eax, -52(%ebp)
  90 0094 8B831400 		movl	20+orig_termios@GOTOFF(%ebx), %eax
  90      0000
  91 009a 8945D0   		movl	%eax, -48(%ebp)
  92 009d 8B831800 		movl	24+orig_termios@GOTOFF(%ebx), %eax
  92      0000
  93 00a3 8945D4   		movl	%eax, -44(%ebp)
  94 00a6 8B831C00 		movl	28+orig_termios@GOTOFF(%ebx), %eax
  94      0000
  95 00ac 8945D8   		movl	%eax, -40(%ebp)
  96 00af 8B832000 		movl	32+orig_termios@GOTOFF(%ebx), %eax
  96      0000
  97 00b5 8945DC   		movl	%eax, -36(%ebp)
  98 00b8 8B832400 		movl	36+orig_termios@GOTOFF(%ebx), %eax
  98      0000
  99 00be 8945E0   		movl	%eax, -32(%ebp)
 100 00c1 8B832800 		movl	40+orig_termios@GOTOFF(%ebx), %eax
 100      0000
 101 00c7 8945E4   		movl	%eax, -28(%ebp)
 102 00ca 8B832C00 		movl	44+orig_termios@GOTOFF(%ebx), %eax
 102      0000
 103 00d0 8945E8   		movl	%eax, -24(%ebp)
 104 00d3 8B833000 		movl	48+orig_termios@GOTOFF(%ebx), %eax
 104      0000
 105 00d9 8945EC   		movl	%eax, -20(%ebp)
 106 00dc 8B833400 		movl	52+orig_termios@GOTOFF(%ebx), %eax
 106      0000
 107 00e2 8945F0   		movl	%eax, -16(%ebp)
 108 00e5 8B833800 		movl	56+orig_termios@GOTOFF(%ebx), %eax
 108      0000
 109 00eb 8945F4   		movl	%eax, -12(%ebp)
  25:./files/main.c ****   raw.c_oflag &= ~(OPOST);
 110              		.loc 1 25 6
 111 00ee 8B45C0   		movl	-64(%ebp), %eax
 112              		.loc 1 25 15
 113 00f1 83E0FE   		andl	$-2, %eax
 114 00f4 8945C0   		movl	%eax, -64(%ebp)
  26:./files/main.c ****   raw.c_lflag &= ~(ECHO | ICANON);
 115              		.loc 1 26 6
 116 00f7 8B45C8   		movl	-56(%ebp), %eax
GAS LISTING /tmp/ccEgTqWy.s 			page 4


 117              		.loc 1 26 15
 118 00fa 83E0F5   		andl	$-11, %eax
 119 00fd 8945C8   		movl	%eax, -56(%ebp)
  27:./files/main.c ****   tcsetattr(STDIN_FILENO, TCSAFLUSH, &raw);
 120              		.loc 1 27 3
 121 0100 83EC04   		subl	$4, %esp
 122 0103 8D45BC   		leal	-68(%ebp), %eax
 123 0106 50       		pushl	%eax
 124 0107 6A02     		pushl	$2
 125 0109 6A00     		pushl	$0
 126 010b E8FCFFFF 		call	tcsetattr@PLT
 126      FF
 127 0110 83C410   		addl	$16, %esp
  28:./files/main.c **** }
 128              		.loc 1 28 1
 129 0113 90       		nop
 130 0114 8B5DFC   		movl	-4(%ebp), %ebx
 131 0117 C9       		leave
 132              		.cfi_restore 5
 133              		.cfi_restore 3
 134              		.cfi_def_cfa 4, 4
 135 0118 C3       		ret
 136              		.cfi_endproc
 137              	.LFE7:
 138              		.size	enableRawMode, .-enableRawMode
 139              		.section	.rodata
 140              	.LC0:
 141 0000 5365676D 		.string	"Segmentation fault\r"
 141      656E7461 
 141      74696F6E 
 141      20666175 
 141      6C740D00 
 142              		.text
 143              		.globl	handler
 144              		.type	handler, @function
 145              	handler:
 146              	.LFB8:
  29:./files/main.c **** 
  30:./files/main.c **** // This code is used to catch a segmentation fault and print a message
  31:./files/main.c **** // The usual message is printed by bash, based on the exit status of the program (139)
  32:./files/main.c **** // pwsh does not, so we have to do it manually
  33:./files/main.c **** void handler(int sig) {
 147              		.loc 1 33 23
 148              		.cfi_startproc
 149 0119 55       		pushl	%ebp
 150              		.cfi_def_cfa_offset 8
 151              		.cfi_offset 5, -8
 152 011a 89E5     		movl	%esp, %ebp
 153              		.cfi_def_cfa_register 5
 154 011c 53       		pushl	%ebx
 155 011d 83EC04   		subl	$4, %esp
 156              		.cfi_offset 3, -12
 157 0120 E8FCFFFF 		call	__x86.get_pc_thunk.bx
 157      FF
 158 0125 81C30200 		addl	$_GLOBAL_OFFSET_TABLE_, %ebx
 158      0000
  34:./files/main.c ****   printf("Segmentation fault\r\n");
GAS LISTING /tmp/ccEgTqWy.s 			page 5


 159              		.loc 1 34 3
 160 012b 83EC0C   		subl	$12, %esp
 161 012e 8D830000 		leal	.LC0@GOTOFF(%ebx), %eax
 161      0000
 162 0134 50       		pushl	%eax
 163 0135 E8FCFFFF 		call	puts@PLT
 163      FF
 164 013a 83C410   		addl	$16, %esp
  35:./files/main.c ****   exit(128 + sig);
 165              		.loc 1 35 3
 166 013d 8B4508   		movl	8(%ebp), %eax
 167 0140 83E880   		subl	$-128, %eax
 168 0143 83EC0C   		subl	$12, %esp
 169 0146 50       		pushl	%eax
 170 0147 E8FCFFFF 		call	exit@PLT
 170      FF
 171              		.cfi_endproc
 172              	.LFE8:
 173              		.size	handler, .-handler
 174              		.globl	main
 175              		.type	main, @function
 176              	main:
 177              	.LFB9:
  36:./files/main.c **** }
  37:./files/main.c **** 
  38:./files/main.c **** // Entry point for the assembler code
  39:./files/main.c **** extern int _main();
  40:./files/main.c **** 
  41:./files/main.c **** // Actual entrypoint for the program
  42:./files/main.c **** // It is different from the DOS environment (main instead of _main) 
  43:./files/main.c **** int main() {
 178              		.loc 1 43 12
 179              		.cfi_startproc
 180 014c 8D4C2404 		leal	4(%esp), %ecx
 181              		.cfi_def_cfa 1, 0
 182 0150 83E4F0   		andl	$-16, %esp
 183 0153 FF71FC   		pushl	-4(%ecx)
 184 0156 55       		pushl	%ebp
 185 0157 89E5     		movl	%esp, %ebp
 186              		.cfi_escape 0x10,0x5,0x2,0x75,0
 187 0159 53       		pushl	%ebx
 188 015a 51       		pushl	%ecx
 189              		.cfi_escape 0xf,0x3,0x75,0x78,0x6
 190              		.cfi_escape 0x10,0x3,0x2,0x75,0x7c
 191 015b E8FCFFFF 		call	__x86.get_pc_thunk.bx
 191      FF
 192 0160 81C30200 		addl	$_GLOBAL_OFFSET_TABLE_, %ebx
 192      0000
  44:./files/main.c ****     enableRawMode();
 193              		.loc 1 44 5
 194 0166 E8FCFFFF 		call	enableRawMode
 194      FF
  45:./files/main.c ****     signal(SIGSEGV, handler);
 195              		.loc 1 45 5
 196 016b 83EC08   		subl	$8, %esp
 197 016e 8D830000 		leal	handler@GOTOFF(%ebx), %eax
 197      0000
GAS LISTING /tmp/ccEgTqWy.s 			page 6


 198 0174 50       		pushl	%eax
 199 0175 6A0B     		pushl	$11
 200 0177 E8FCFFFF 		call	signal@PLT
 200      FF
 201 017c 83C410   		addl	$16, %esp
  46:./files/main.c ****     _main();
 202              		.loc 1 46 5
 203 017f E8FCFFFF 		call	_main@PLT
 203      FF
  47:./files/main.c ****     return 0;
 204              		.loc 1 47 12
 205 0184 B8000000 		movl	$0, %eax
 205      00
  48:./files/main.c **** }...
 206              		.loc 1 48 1
 207 0189 8D65F8   		leal	-8(%ebp), %esp
 208 018c 59       		popl	%ecx
 209              		.cfi_restore 1
 210              		.cfi_def_cfa 1, 0
 211 018d 5B       		popl	%ebx
 212              		.cfi_restore 3
 213 018e 5D       		popl	%ebp
 214              		.cfi_restore 5
 215 018f 8D61FC   		leal	-4(%ecx), %esp
 216              		.cfi_def_cfa 4, 4
 217 0192 C3       		ret
 218              		.cfi_endproc
 219              	.LFE9:
 220              		.size	main, .-main
 221              		.section	.text.__x86.get_pc_thunk.ax,"axG",@progbits,__x86.get_pc_thunk.ax,comdat
 222              		.globl	__x86.get_pc_thunk.ax
 223              		.hidden	__x86.get_pc_thunk.ax
 224              		.type	__x86.get_pc_thunk.ax, @function
 225              	__x86.get_pc_thunk.ax:
 226              	.LFB10:
 227              		.cfi_startproc
 228 0000 8B0424   		movl	(%esp), %eax
 229 0003 C3       		ret
 230              		.cfi_endproc
 231              	.LFE10:
 232              		.section	.text.__x86.get_pc_thunk.bx,"axG",@progbits,__x86.get_pc_thunk.bx,comdat
 233              		.globl	__x86.get_pc_thunk.bx
 234              		.hidden	__x86.get_pc_thunk.bx
 235              		.type	__x86.get_pc_thunk.bx, @function
 236              	__x86.get_pc_thunk.bx:
 237              	.LFB11:
 238              		.cfi_startproc
 239 0000 8B1C24   		movl	(%esp), %ebx
 240 0003 C3       		ret
 241              		.cfi_endproc
 242              	.LFE11:
 243              		.text
 244              	.Letext0:
 245              		.file 2 "/usr/include/bits/termios.h"
 246              		.file 3 "/usr/include/bits/termios-struct.h"
 247              		.file 4 "/usr/include/signal.h"
 248              		.file 5 "/usr/include/stdlib.h"
GAS LISTING /tmp/ccEgTqWy.s 			page 7


 249              		.file 6 "/usr/include/termios.h"
 250              		.section	.debug_info,"",@progbits
 251              	.Ldebug_info0:
 252 0000 5C020000 		.long	0x25c
 253 0004 0500     		.value	0x5
 254 0006 01       		.byte	0x1
 255 0007 04       		.byte	0x4
 256 0008 00000000 		.long	.Ldebug_abbrev0
 257 000c 07       		.uleb128 0x7
 258 000d 64000000 		.long	.LASF29
 259 0011 1D       		.byte	0x1d
 260 0012 00000000 		.long	.LASF0
 261 0016 0F000000 		.long	.LASF1
 262 001a 00000000 		.long	.Ltext0
 263 001e 93010000 		.long	.Letext0-.Ltext0
 264 0022 00000000 		.long	.Ldebug_line0
 265 0026 01       		.uleb128 0x1
 266 0027 04       		.byte	0x4
 267 0028 07       		.byte	0x7
 268 0029 3A010000 		.long	.LASF2
 269 002d 01       		.uleb128 0x1
 270 002e 04       		.byte	0x4
 271 002f 05       		.byte	0x5
 272 0030 92010000 		.long	.LASF3
 273 0034 08       		.uleb128 0x8
 274 0035 04       		.byte	0x4
 275 0036 05       		.byte	0x5
 276 0037 696E7400 		.string	"int"
 277 003b 01       		.uleb128 0x1
 278 003c 08       		.byte	0x8
 279 003d 05       		.byte	0x5
 280 003e 64010000 		.long	.LASF4
 281 0042 01       		.uleb128 0x1
 282 0043 01       		.byte	0x1
 283 0044 08       		.byte	0x8
 284 0045 E2000000 		.long	.LASF5
 285 0049 01       		.uleb128 0x1
 286 004a 02       		.byte	0x2
 287 004b 07       		.byte	0x7
 288 004c 2C000000 		.long	.LASF6
 289 0050 01       		.uleb128 0x1
 290 0051 04       		.byte	0x4
 291 0052 07       		.byte	0x7
 292 0053 07010000 		.long	.LASF7
 293 0057 01       		.uleb128 0x1
 294 0058 01       		.byte	0x1
 295 0059 06       		.byte	0x6
 296 005a 9B010000 		.long	.LASF8
 297 005e 01       		.uleb128 0x1
 298 005f 02       		.byte	0x2
 299 0060 05       		.byte	0x5
 300 0061 88010000 		.long	.LASF9
 301 0065 01       		.uleb128 0x1
 302 0066 08       		.byte	0x8
 303 0067 07       		.byte	0x7
 304 0068 C2000000 		.long	.LASF10
 305 006c 01       		.uleb128 0x1
GAS LISTING /tmp/ccEgTqWy.s 			page 8


 306 006d 01       		.byte	0x1
 307 006e 06       		.byte	0x6
 308 006f 72010000 		.long	.LASF11
 309 0073 04       		.uleb128 0x4
 310 0074 83010000 		.long	.LASF12
 311 0078 02       		.byte	0x2
 312 0079 17       		.byte	0x17
 313 007a 17       		.byte	0x17
 314 007b 42000000 		.long	0x42
 315 007f 04       		.uleb128 0x4
 316 0080 32010000 		.long	.LASF13
 317 0084 02       		.byte	0x2
 318 0085 18       		.byte	0x18
 319 0086 16       		.byte	0x16
 320 0087 26000000 		.long	0x26
 321 008b 04       		.uleb128 0x4
 322 008c D9000000 		.long	.LASF14
 323 0090 02       		.byte	0x2
 324 0091 19       		.byte	0x19
 325 0092 16       		.byte	0x16
 326 0093 26000000 		.long	0x26
 327 0097 09       		.uleb128 0x9
 328 0098 24000000 		.long	.LASF30
 329 009c 3C       		.byte	0x3c
 330 009d 03       		.byte	0x3
 331 009e 18       		.byte	0x18
 332 009f 08       		.byte	0x8
 333 00a0 05010000 		.long	0x105
 334 00a4 03       		.uleb128 0x3
 335 00a5 54010000 		.long	.LASF15
 336 00a9 1A       		.byte	0x1a
 337 00aa 0E       		.byte	0xe
 338 00ab 8B000000 		.long	0x8b
 339 00af 00       		.byte	0
 340 00b0 03       		.uleb128 0x3
 341 00b1 15000000 		.long	.LASF16
 342 00b5 1B       		.byte	0x1b
 343 00b6 0E       		.byte	0xe
 344 00b7 8B000000 		.long	0x8b
 345 00bb 04       		.byte	0x4
 346 00bc 03       		.uleb128 0x3
 347 00bd 3F000000 		.long	.LASF17
 348 00c1 1C       		.byte	0x1c
 349 00c2 0E       		.byte	0xe
 350 00c3 8B000000 		.long	0x8b
 351 00c7 08       		.byte	0x8
 352 00c8 03       		.uleb128 0x3
 353 00c9 19010000 		.long	.LASF18
 354 00cd 1D       		.byte	0x1d
 355 00ce 0E       		.byte	0xe
 356 00cf 8B000000 		.long	0x8b
 357 00d3 0C       		.byte	0xc
 358 00d4 03       		.uleb128 0x3
 359 00d5 77010000 		.long	.LASF19
 360 00d9 1E       		.byte	0x1e
 361 00da 0A       		.byte	0xa
 362 00db 73000000 		.long	0x73
GAS LISTING /tmp/ccEgTqWy.s 			page 9


 363 00df 10       		.byte	0x10
 364 00e0 03       		.uleb128 0x3
 365 00e1 21010000 		.long	.LASF20
 366 00e5 1F       		.byte	0x1f
 367 00e6 0A       		.byte	0xa
 368 00e7 0A010000 		.long	0x10a
 369 00eb 11       		.byte	0x11
 370 00ec 03       		.uleb128 0x3
 371 00ed FE000000 		.long	.LASF21
 372 00f1 20       		.byte	0x20
 373 00f2 0D       		.byte	0xd
 374 00f3 7F000000 		.long	0x7f
 375 00f7 34       		.byte	0x34
 376 00f8 03       		.uleb128 0x3
 377 00f9 47000000 		.long	.LASF22
 378 00fd 21       		.byte	0x21
 379 00fe 0D       		.byte	0xd
 380 00ff 7F000000 		.long	0x7f
 381 0103 38       		.byte	0x38
 382 0104 00       		.byte	0
 383 0105 0A       		.uleb128 0xa
 384 0106 97000000 		.long	0x97
 385 010a 0B       		.uleb128 0xb
 386 010b 73000000 		.long	0x73
 387 010f 1A010000 		.long	0x11a
 388 0113 0C       		.uleb128 0xc
 389 0114 26000000 		.long	0x26
 390 0118 1F       		.byte	0x1f
 391 0119 00       		.byte	0
 392 011a 04       		.uleb128 0x4
 393 011b 00000000 		.long	.LASF23
 394 011f 04       		.byte	0x4
 395 0120 48       		.byte	0x48
 396 0121 10       		.byte	0x10
 397 0122 26010000 		.long	0x126
 398 0126 05       		.uleb128 0x5
 399 0127 2B010000 		.long	0x12b
 400 012b 0D       		.uleb128 0xd
 401 012c 36010000 		.long	0x136
 402 0130 02       		.uleb128 0x2
 403 0131 34000000 		.long	0x34
 404 0135 00       		.byte	0
 405 0136 0E       		.uleb128 0xe
 406 0137 05       		.uleb128 0x5
 407 0138 36010000 		.long	0x136
 408 013c 0F       		.uleb128 0xf
 409 013d 47010000 		.long	.LASF31
 410 0141 01       		.byte	0x1
 411 0142 0F       		.byte	0xf
 412 0143 10       		.byte	0x10
 413 0144 97000000 		.long	0x97
 414 0148 05       		.uleb128 0x5
 415 0149 03       		.byte	0x3
 416 014a 00000000 		.long	orig_termios
 417 014e 10       		.uleb128 0x10
 418 014f 0F000000 		.long	.LASF32
 419 0153 01       		.byte	0x1
GAS LISTING /tmp/ccEgTqWy.s 			page 10


 420 0154 27       		.byte	0x27
 421 0155 0C       		.byte	0xc
 422 0156 34000000 		.long	0x34
 423 015a 60010000 		.long	0x160
 424 015e 11       		.uleb128 0x11
 425 015f 00       		.byte	0
 426 0160 06       		.uleb128 0x6
 427 0161 1D000000 		.long	.LASF24
 428 0165 04       		.byte	0x4
 429 0166 58       		.byte	0x58
 430 0167 17       		.byte	0x17
 431 0168 1A010000 		.long	0x11a
 432 016c 7B010000 		.long	0x17b
 433 0170 02       		.uleb128 0x2
 434 0171 34000000 		.long	0x34
 435 0175 02       		.uleb128 0x2
 436 0176 1A010000 		.long	0x11a
 437 017a 00       		.byte	0
 438 017b 12       		.uleb128 0x12
 439 017c 7E010000 		.long	.LASF25
 440 0180 05       		.byte	0x5
 441 0181 7D02     		.value	0x27d
 442 0183 0D       		.byte	0xd
 443 0184 8E010000 		.long	0x18e
 444 0188 02       		.uleb128 0x2
 445 0189 34000000 		.long	0x34
 446 018d 00       		.byte	0
 447 018e 13       		.uleb128 0x13
 448 018f 2B010000 		.long	.LASF26
 449 0193 05       		.byte	0x5
 450 0194 6702     		.value	0x267
 451 0196 0C       		.byte	0xc
 452 0197 34000000 		.long	0x34
 453 019b A5010000 		.long	0x1a5
 454 019f 02       		.uleb128 0x2
 455 01a0 37010000 		.long	0x137
 456 01a4 00       		.byte	0
 457 01a5 06       		.uleb128 0x6
 458 01a6 50000000 		.long	.LASF27
 459 01aa 06       		.byte	0x6
 460 01ab 42       		.byte	0x42
 461 01ac 0C       		.byte	0xc
 462 01ad 34000000 		.long	0x34
 463 01b1 C0010000 		.long	0x1c0
 464 01b5 02       		.uleb128 0x2
 465 01b6 34000000 		.long	0x34
 466 01ba 02       		.uleb128 0x2
 467 01bb C0010000 		.long	0x1c0
 468 01bf 00       		.byte	0
 469 01c0 05       		.uleb128 0x5
 470 01c1 97000000 		.long	0x97
 471 01c5 06       		.uleb128 0x6
 472 01c6 5A000000 		.long	.LASF28
 473 01ca 06       		.byte	0x6
 474 01cb 46       		.byte	0x46
 475 01cc 0C       		.byte	0xc
 476 01cd 34000000 		.long	0x34
GAS LISTING /tmp/ccEgTqWy.s 			page 11


 477 01d1 E5010000 		.long	0x1e5
 478 01d5 02       		.uleb128 0x2
 479 01d6 34000000 		.long	0x34
 480 01da 02       		.uleb128 0x2
 481 01db 34000000 		.long	0x34
 482 01df 02       		.uleb128 0x2
 483 01e0 E5010000 		.long	0x1e5
 484 01e4 00       		.byte	0
 485 01e5 05       		.uleb128 0x5
 486 01e6 05010000 		.long	0x105
 487 01ea 14       		.uleb128 0x14
 488 01eb 26010000 		.long	.LASF33
 489 01ef 01       		.byte	0x1
 490 01f0 2B       		.byte	0x2b
 491 01f1 05       		.byte	0x5
 492 01f2 34000000 		.long	0x34
 493 01f6 4C010000 		.long	.LFB9
 494 01fa 47000000 		.long	.LFE9-.LFB9
 495 01fe 01       		.uleb128 0x1
 496 01ff 9C       		.byte	0x9c
 497 0200 15       		.uleb128 0x15
 498 0201 5C010000 		.long	.LASF34
 499 0205 01       		.byte	0x1
 500 0206 21       		.byte	0x21
 501 0207 06       		.byte	0x6
 502 0208 19010000 		.long	.LFB8
 503 020c 33000000 		.long	.LFE8-.LFB8
 504 0210 01       		.uleb128 0x1
 505 0211 9C       		.byte	0x9c
 506 0212 26020000 		.long	0x226
 507 0216 16       		.uleb128 0x16
 508 0217 73696700 		.string	"sig"
 509 021b 01       		.byte	0x1
 510 021c 21       		.byte	0x21
 511 021d 12       		.byte	0x12
 512 021e 34000000 		.long	0x34
 513 0222 02       		.uleb128 0x2
 514 0223 91       		.byte	0x91
 515 0224 00       		.sleb128 0
 516 0225 00       		.byte	0
 517 0226 17       		.uleb128 0x17
 518 0227 F0000000 		.long	.LASF35
 519 022b 01       		.byte	0x1
 520 022c 15       		.byte	0x15
 521 022d 06       		.byte	0x6
 522 022e 2F000000 		.long	.LFB7
 523 0232 EA000000 		.long	.LFE7-.LFB7
 524 0236 01       		.uleb128 0x1
 525 0237 9C       		.byte	0x9c
 526 0238 4D020000 		.long	0x24d
 527 023c 18       		.uleb128 0x18
 528 023d 72617700 		.string	"raw"
 529 0241 01       		.byte	0x1
 530 0242 18       		.byte	0x18
 531 0243 12       		.byte	0x12
 532 0244 97000000 		.long	0x97
 533 0248 03       		.uleb128 0x3
GAS LISTING /tmp/ccEgTqWy.s 			page 12


 534 0249 91       		.byte	0x91
 535 024a B47F     		.sleb128 -76
 536 024c 00       		.byte	0
 537 024d 19       		.uleb128 0x19
 538 024e B3000000 		.long	.LASF36
 539 0252 01       		.byte	0x1
 540 0253 11       		.byte	0x11
 541 0254 06       		.byte	0x6
 542 0255 00000000 		.long	.LFB6
 543 0259 2F000000 		.long	.LFE6-.LFB6
 544 025d 01       		.uleb128 0x1
 545 025e 9C       		.byte	0x9c
 546 025f 00       		.byte	0
 547              		.section	.debug_abbrev,"",@progbits
 548              	.Ldebug_abbrev0:
 549 0000 01       		.uleb128 0x1
 550 0001 24       		.uleb128 0x24
 551 0002 00       		.byte	0
 552 0003 0B       		.uleb128 0xb
 553 0004 0B       		.uleb128 0xb
 554 0005 3E       		.uleb128 0x3e
 555 0006 0B       		.uleb128 0xb
 556 0007 03       		.uleb128 0x3
 557 0008 0E       		.uleb128 0xe
 558 0009 00       		.byte	0
 559 000a 00       		.byte	0
 560 000b 02       		.uleb128 0x2
 561 000c 05       		.uleb128 0x5
 562 000d 00       		.byte	0
 563 000e 49       		.uleb128 0x49
 564 000f 13       		.uleb128 0x13
 565 0010 00       		.byte	0
 566 0011 00       		.byte	0
 567 0012 03       		.uleb128 0x3
 568 0013 0D       		.uleb128 0xd
 569 0014 00       		.byte	0
 570 0015 03       		.uleb128 0x3
 571 0016 0E       		.uleb128 0xe
 572 0017 3A       		.uleb128 0x3a
 573 0018 21       		.uleb128 0x21
 574 0019 03       		.sleb128 3
 575 001a 3B       		.uleb128 0x3b
 576 001b 0B       		.uleb128 0xb
 577 001c 39       		.uleb128 0x39
 578 001d 0B       		.uleb128 0xb
 579 001e 49       		.uleb128 0x49
 580 001f 13       		.uleb128 0x13
 581 0020 38       		.uleb128 0x38
 582 0021 0B       		.uleb128 0xb
 583 0022 00       		.byte	0
 584 0023 00       		.byte	0
 585 0024 04       		.uleb128 0x4
 586 0025 16       		.uleb128 0x16
 587 0026 00       		.byte	0
 588 0027 03       		.uleb128 0x3
 589 0028 0E       		.uleb128 0xe
 590 0029 3A       		.uleb128 0x3a
GAS LISTING /tmp/ccEgTqWy.s 			page 13


 591 002a 0B       		.uleb128 0xb
 592 002b 3B       		.uleb128 0x3b
 593 002c 0B       		.uleb128 0xb
 594 002d 39       		.uleb128 0x39
 595 002e 0B       		.uleb128 0xb
 596 002f 49       		.uleb128 0x49
 597 0030 13       		.uleb128 0x13
 598 0031 00       		.byte	0
 599 0032 00       		.byte	0
 600 0033 05       		.uleb128 0x5
 601 0034 0F       		.uleb128 0xf
 602 0035 00       		.byte	0
 603 0036 0B       		.uleb128 0xb
 604 0037 21       		.uleb128 0x21
 605 0038 04       		.sleb128 4
 606 0039 49       		.uleb128 0x49
 607 003a 13       		.uleb128 0x13
 608 003b 00       		.byte	0
 609 003c 00       		.byte	0
 610 003d 06       		.uleb128 0x6
 611 003e 2E       		.uleb128 0x2e
 612 003f 01       		.byte	0x1
 613 0040 3F       		.uleb128 0x3f
 614 0041 19       		.uleb128 0x19
 615 0042 03       		.uleb128 0x3
 616 0043 0E       		.uleb128 0xe
 617 0044 3A       		.uleb128 0x3a
 618 0045 0B       		.uleb128 0xb
 619 0046 3B       		.uleb128 0x3b
 620 0047 0B       		.uleb128 0xb
 621 0048 39       		.uleb128 0x39
 622 0049 0B       		.uleb128 0xb
 623 004a 27       		.uleb128 0x27
 624 004b 19       		.uleb128 0x19
 625 004c 49       		.uleb128 0x49
 626 004d 13       		.uleb128 0x13
 627 004e 3C       		.uleb128 0x3c
 628 004f 19       		.uleb128 0x19
 629 0050 01       		.uleb128 0x1
 630 0051 13       		.uleb128 0x13
 631 0052 00       		.byte	0
 632 0053 00       		.byte	0
 633 0054 07       		.uleb128 0x7
 634 0055 11       		.uleb128 0x11
 635 0056 01       		.byte	0x1
 636 0057 25       		.uleb128 0x25
 637 0058 0E       		.uleb128 0xe
 638 0059 13       		.uleb128 0x13
 639 005a 0B       		.uleb128 0xb
 640 005b 03       		.uleb128 0x3
 641 005c 1F       		.uleb128 0x1f
 642 005d 1B       		.uleb128 0x1b
 643 005e 1F       		.uleb128 0x1f
 644 005f 11       		.uleb128 0x11
 645 0060 01       		.uleb128 0x1
 646 0061 12       		.uleb128 0x12
 647 0062 06       		.uleb128 0x6
GAS LISTING /tmp/ccEgTqWy.s 			page 14


 648 0063 10       		.uleb128 0x10
 649 0064 17       		.uleb128 0x17
 650 0065 00       		.byte	0
 651 0066 00       		.byte	0
 652 0067 08       		.uleb128 0x8
 653 0068 24       		.uleb128 0x24
 654 0069 00       		.byte	0
 655 006a 0B       		.uleb128 0xb
 656 006b 0B       		.uleb128 0xb
 657 006c 3E       		.uleb128 0x3e
 658 006d 0B       		.uleb128 0xb
 659 006e 03       		.uleb128 0x3
 660 006f 08       		.uleb128 0x8
 661 0070 00       		.byte	0
 662 0071 00       		.byte	0
 663 0072 09       		.uleb128 0x9
 664 0073 13       		.uleb128 0x13
 665 0074 01       		.byte	0x1
 666 0075 03       		.uleb128 0x3
 667 0076 0E       		.uleb128 0xe
 668 0077 0B       		.uleb128 0xb
 669 0078 0B       		.uleb128 0xb
 670 0079 3A       		.uleb128 0x3a
 671 007a 0B       		.uleb128 0xb
 672 007b 3B       		.uleb128 0x3b
 673 007c 0B       		.uleb128 0xb
 674 007d 39       		.uleb128 0x39
 675 007e 0B       		.uleb128 0xb
 676 007f 01       		.uleb128 0x1
 677 0080 13       		.uleb128 0x13
 678 0081 00       		.byte	0
 679 0082 00       		.byte	0
 680 0083 0A       		.uleb128 0xa
 681 0084 26       		.uleb128 0x26
 682 0085 00       		.byte	0
 683 0086 49       		.uleb128 0x49
 684 0087 13       		.uleb128 0x13
 685 0088 00       		.byte	0
 686 0089 00       		.byte	0
 687 008a 0B       		.uleb128 0xb
 688 008b 01       		.uleb128 0x1
 689 008c 01       		.byte	0x1
 690 008d 49       		.uleb128 0x49
 691 008e 13       		.uleb128 0x13
 692 008f 01       		.uleb128 0x1
 693 0090 13       		.uleb128 0x13
 694 0091 00       		.byte	0
 695 0092 00       		.byte	0
 696 0093 0C       		.uleb128 0xc
 697 0094 21       		.uleb128 0x21
 698 0095 00       		.byte	0
 699 0096 49       		.uleb128 0x49
 700 0097 13       		.uleb128 0x13
 701 0098 2F       		.uleb128 0x2f
 702 0099 0B       		.uleb128 0xb
 703 009a 00       		.byte	0
 704 009b 00       		.byte	0
GAS LISTING /tmp/ccEgTqWy.s 			page 15


 705 009c 0D       		.uleb128 0xd
 706 009d 15       		.uleb128 0x15
 707 009e 01       		.byte	0x1
 708 009f 27       		.uleb128 0x27
 709 00a0 19       		.uleb128 0x19
 710 00a1 01       		.uleb128 0x1
 711 00a2 13       		.uleb128 0x13
 712 00a3 00       		.byte	0
 713 00a4 00       		.byte	0
 714 00a5 0E       		.uleb128 0xe
 715 00a6 15       		.uleb128 0x15
 716 00a7 00       		.byte	0
 717 00a8 27       		.uleb128 0x27
 718 00a9 19       		.uleb128 0x19
 719 00aa 00       		.byte	0
 720 00ab 00       		.byte	0
 721 00ac 0F       		.uleb128 0xf
 722 00ad 34       		.uleb128 0x34
 723 00ae 00       		.byte	0
 724 00af 03       		.uleb128 0x3
 725 00b0 0E       		.uleb128 0xe
 726 00b1 3A       		.uleb128 0x3a
 727 00b2 0B       		.uleb128 0xb
 728 00b3 3B       		.uleb128 0x3b
 729 00b4 0B       		.uleb128 0xb
 730 00b5 39       		.uleb128 0x39
 731 00b6 0B       		.uleb128 0xb
 732 00b7 49       		.uleb128 0x49
 733 00b8 13       		.uleb128 0x13
 734 00b9 3F       		.uleb128 0x3f
 735 00ba 19       		.uleb128 0x19
 736 00bb 02       		.uleb128 0x2
 737 00bc 18       		.uleb128 0x18
 738 00bd 00       		.byte	0
 739 00be 00       		.byte	0
 740 00bf 10       		.uleb128 0x10
 741 00c0 2E       		.uleb128 0x2e
 742 00c1 01       		.byte	0x1
 743 00c2 3F       		.uleb128 0x3f
 744 00c3 19       		.uleb128 0x19
 745 00c4 03       		.uleb128 0x3
 746 00c5 0E       		.uleb128 0xe
 747 00c6 3A       		.uleb128 0x3a
 748 00c7 0B       		.uleb128 0xb
 749 00c8 3B       		.uleb128 0x3b
 750 00c9 0B       		.uleb128 0xb
 751 00ca 39       		.uleb128 0x39
 752 00cb 0B       		.uleb128 0xb
 753 00cc 49       		.uleb128 0x49
 754 00cd 13       		.uleb128 0x13
 755 00ce 3C       		.uleb128 0x3c
 756 00cf 19       		.uleb128 0x19
 757 00d0 01       		.uleb128 0x1
 758 00d1 13       		.uleb128 0x13
 759 00d2 00       		.byte	0
 760 00d3 00       		.byte	0
 761 00d4 11       		.uleb128 0x11
GAS LISTING /tmp/ccEgTqWy.s 			page 16


 762 00d5 18       		.uleb128 0x18
 763 00d6 00       		.byte	0
 764 00d7 00       		.byte	0
 765 00d8 00       		.byte	0
 766 00d9 12       		.uleb128 0x12
 767 00da 2E       		.uleb128 0x2e
 768 00db 01       		.byte	0x1
 769 00dc 3F       		.uleb128 0x3f
 770 00dd 19       		.uleb128 0x19
 771 00de 03       		.uleb128 0x3
 772 00df 0E       		.uleb128 0xe
 773 00e0 3A       		.uleb128 0x3a
 774 00e1 0B       		.uleb128 0xb
 775 00e2 3B       		.uleb128 0x3b
 776 00e3 05       		.uleb128 0x5
 777 00e4 39       		.uleb128 0x39
 778 00e5 0B       		.uleb128 0xb
 779 00e6 27       		.uleb128 0x27
 780 00e7 19       		.uleb128 0x19
 781 00e8 8701     		.uleb128 0x87
 782 00ea 19       		.uleb128 0x19
 783 00eb 3C       		.uleb128 0x3c
 784 00ec 19       		.uleb128 0x19
 785 00ed 01       		.uleb128 0x1
 786 00ee 13       		.uleb128 0x13
 787 00ef 00       		.byte	0
 788 00f0 00       		.byte	0
 789 00f1 13       		.uleb128 0x13
 790 00f2 2E       		.uleb128 0x2e
 791 00f3 01       		.byte	0x1
 792 00f4 3F       		.uleb128 0x3f
 793 00f5 19       		.uleb128 0x19
 794 00f6 03       		.uleb128 0x3
 795 00f7 0E       		.uleb128 0xe
 796 00f8 3A       		.uleb128 0x3a
 797 00f9 0B       		.uleb128 0xb
 798 00fa 3B       		.uleb128 0x3b
 799 00fb 05       		.uleb128 0x5
 800 00fc 39       		.uleb128 0x39
 801 00fd 0B       		.uleb128 0xb
 802 00fe 27       		.uleb128 0x27
 803 00ff 19       		.uleb128 0x19
 804 0100 49       		.uleb128 0x49
 805 0101 13       		.uleb128 0x13
 806 0102 3C       		.uleb128 0x3c
 807 0103 19       		.uleb128 0x19
 808 0104 01       		.uleb128 0x1
 809 0105 13       		.uleb128 0x13
 810 0106 00       		.byte	0
 811 0107 00       		.byte	0
 812 0108 14       		.uleb128 0x14
 813 0109 2E       		.uleb128 0x2e
 814 010a 00       		.byte	0
 815 010b 3F       		.uleb128 0x3f
 816 010c 19       		.uleb128 0x19
 817 010d 03       		.uleb128 0x3
 818 010e 0E       		.uleb128 0xe
GAS LISTING /tmp/ccEgTqWy.s 			page 17


 819 010f 3A       		.uleb128 0x3a
 820 0110 0B       		.uleb128 0xb
 821 0111 3B       		.uleb128 0x3b
 822 0112 0B       		.uleb128 0xb
 823 0113 39       		.uleb128 0x39
 824 0114 0B       		.uleb128 0xb
 825 0115 49       		.uleb128 0x49
 826 0116 13       		.uleb128 0x13
 827 0117 11       		.uleb128 0x11
 828 0118 01       		.uleb128 0x1
 829 0119 12       		.uleb128 0x12
 830 011a 06       		.uleb128 0x6
 831 011b 40       		.uleb128 0x40
 832 011c 18       		.uleb128 0x18
 833 011d 7C       		.uleb128 0x7c
 834 011e 19       		.uleb128 0x19
 835 011f 00       		.byte	0
 836 0120 00       		.byte	0
 837 0121 15       		.uleb128 0x15
 838 0122 2E       		.uleb128 0x2e
 839 0123 01       		.byte	0x1
 840 0124 3F       		.uleb128 0x3f
 841 0125 19       		.uleb128 0x19
 842 0126 03       		.uleb128 0x3
 843 0127 0E       		.uleb128 0xe
 844 0128 3A       		.uleb128 0x3a
 845 0129 0B       		.uleb128 0xb
 846 012a 3B       		.uleb128 0x3b
 847 012b 0B       		.uleb128 0xb
 848 012c 39       		.uleb128 0x39
 849 012d 0B       		.uleb128 0xb
 850 012e 27       		.uleb128 0x27
 851 012f 19       		.uleb128 0x19
 852 0130 11       		.uleb128 0x11
 853 0131 01       		.uleb128 0x1
 854 0132 12       		.uleb128 0x12
 855 0133 06       		.uleb128 0x6
 856 0134 40       		.uleb128 0x40
 857 0135 18       		.uleb128 0x18
 858 0136 7C       		.uleb128 0x7c
 859 0137 19       		.uleb128 0x19
 860 0138 01       		.uleb128 0x1
 861 0139 13       		.uleb128 0x13
 862 013a 00       		.byte	0
 863 013b 00       		.byte	0
 864 013c 16       		.uleb128 0x16
 865 013d 05       		.uleb128 0x5
 866 013e 00       		.byte	0
 867 013f 03       		.uleb128 0x3
 868 0140 08       		.uleb128 0x8
 869 0141 3A       		.uleb128 0x3a
 870 0142 0B       		.uleb128 0xb
 871 0143 3B       		.uleb128 0x3b
 872 0144 0B       		.uleb128 0xb
 873 0145 39       		.uleb128 0x39
 874 0146 0B       		.uleb128 0xb
 875 0147 49       		.uleb128 0x49
GAS LISTING /tmp/ccEgTqWy.s 			page 18


 876 0148 13       		.uleb128 0x13
 877 0149 02       		.uleb128 0x2
 878 014a 18       		.uleb128 0x18
 879 014b 00       		.byte	0
 880 014c 00       		.byte	0
 881 014d 17       		.uleb128 0x17
 882 014e 2E       		.uleb128 0x2e
 883 014f 01       		.byte	0x1
 884 0150 3F       		.uleb128 0x3f
 885 0151 19       		.uleb128 0x19
 886 0152 03       		.uleb128 0x3
 887 0153 0E       		.uleb128 0xe
 888 0154 3A       		.uleb128 0x3a
 889 0155 0B       		.uleb128 0xb
 890 0156 3B       		.uleb128 0x3b
 891 0157 0B       		.uleb128 0xb
 892 0158 39       		.uleb128 0x39
 893 0159 0B       		.uleb128 0xb
 894 015a 11       		.uleb128 0x11
 895 015b 01       		.uleb128 0x1
 896 015c 12       		.uleb128 0x12
 897 015d 06       		.uleb128 0x6
 898 015e 40       		.uleb128 0x40
 899 015f 18       		.uleb128 0x18
 900 0160 7C       		.uleb128 0x7c
 901 0161 19       		.uleb128 0x19
 902 0162 01       		.uleb128 0x1
 903 0163 13       		.uleb128 0x13
 904 0164 00       		.byte	0
 905 0165 00       		.byte	0
 906 0166 18       		.uleb128 0x18
 907 0167 34       		.uleb128 0x34
 908 0168 00       		.byte	0
 909 0169 03       		.uleb128 0x3
 910 016a 08       		.uleb128 0x8
 911 016b 3A       		.uleb128 0x3a
 912 016c 0B       		.uleb128 0xb
 913 016d 3B       		.uleb128 0x3b
 914 016e 0B       		.uleb128 0xb
 915 016f 39       		.uleb128 0x39
 916 0170 0B       		.uleb128 0xb
 917 0171 49       		.uleb128 0x49
 918 0172 13       		.uleb128 0x13
 919 0173 02       		.uleb128 0x2
 920 0174 18       		.uleb128 0x18
 921 0175 00       		.byte	0
 922 0176 00       		.byte	0
 923 0177 19       		.uleb128 0x19
 924 0178 2E       		.uleb128 0x2e
 925 0179 00       		.byte	0
 926 017a 3F       		.uleb128 0x3f
 927 017b 19       		.uleb128 0x19
 928 017c 03       		.uleb128 0x3
 929 017d 0E       		.uleb128 0xe
 930 017e 3A       		.uleb128 0x3a
 931 017f 0B       		.uleb128 0xb
 932 0180 3B       		.uleb128 0x3b
GAS LISTING /tmp/ccEgTqWy.s 			page 19


 933 0181 0B       		.uleb128 0xb
 934 0182 39       		.uleb128 0x39
 935 0183 0B       		.uleb128 0xb
 936 0184 11       		.uleb128 0x11
 937 0185 01       		.uleb128 0x1
 938 0186 12       		.uleb128 0x12
 939 0187 06       		.uleb128 0x6
 940 0188 40       		.uleb128 0x40
 941 0189 18       		.uleb128 0x18
 942 018a 7C       		.uleb128 0x7c
 943 018b 19       		.uleb128 0x19
 944 018c 00       		.byte	0
 945 018d 00       		.byte	0
 946 018e 00       		.byte	0
 947              		.section	.debug_aranges,"",@progbits
 948 0000 1C000000 		.long	0x1c
 949 0004 0200     		.value	0x2
 950 0006 00000000 		.long	.Ldebug_info0
 951 000a 04       		.byte	0x4
 952 000b 00       		.byte	0
 953 000c 0000     		.value	0
 954 000e 0000     		.value	0
 955 0010 00000000 		.long	.Ltext0
 956 0014 93010000 		.long	.Letext0-.Ltext0
 957 0018 00000000 		.long	0
 958 001c 00000000 		.long	0
 959              		.section	.debug_line,"",@progbits
 960              	.Ldebug_line0:
 961 0000 AC000000 		.section	.debug_str,"MS",@progbits,1
 961      05000400 
 961      4F000000 
 961      010101FB 
 961      0E0D0001 
 962              	.LASF23:
 963 0000 5F5F7369 		.string	"__sighandler_t"
 963      6768616E 
 963      646C6572 
 963      5F7400
 964              	.LASF32:
 965 000f 5F6D6169 		.string	"_main"
 965      6E00
 966              	.LASF16:
 967 0015 635F6F66 		.string	"c_oflag"
 967      6C616700 
 968              	.LASF24:
 969 001d 7369676E 		.string	"signal"
 969      616C00
 970              	.LASF30:
 971 0024 7465726D 		.string	"termios"
 971      696F7300 
 972              	.LASF6:
 973 002c 73686F72 		.string	"short unsigned int"
 973      7420756E 
 973      7369676E 
 973      65642069 
 973      6E7400
 974              	.LASF17:
GAS LISTING /tmp/ccEgTqWy.s 			page 20


 975 003f 635F6366 		.string	"c_cflag"
 975      6C616700 
 976              	.LASF22:
 977 0047 635F6F73 		.string	"c_ospeed"
 977      70656564 
 977      00
 978              	.LASF27:
 979 0050 74636765 		.string	"tcgetattr"
 979      74617474 
 979      7200
 980              	.LASF28:
 981 005a 74637365 		.string	"tcsetattr"
 981      74617474 
 981      7200
 982              	.LASF29:
 983 0064 474E5520 		.string	"GNU C17 12.2.0 -m32 -mtune=generic -march=i686 -g -fasynchronous-unwind-tables"
 983      43313720 
 983      31322E32 
 983      2E30202D 
 983      6D333220 
 984              	.LASF36:
 985 00b3 64697361 		.string	"disableRawMode"
 985      626C6552 
 985      61774D6F 
 985      646500
 986              	.LASF10:
 987 00c2 6C6F6E67 		.string	"long long unsigned int"
 987      206C6F6E 
 987      6720756E 
 987      7369676E 
 987      65642069 
 988              	.LASF14:
 989 00d9 7463666C 		.string	"tcflag_t"
 989      61675F74 
 989      00
 990              	.LASF5:
 991 00e2 756E7369 		.string	"unsigned char"
 991      676E6564 
 991      20636861 
 991      7200
 992              	.LASF35:
 993 00f0 656E6162 		.string	"enableRawMode"
 993      6C655261 
 993      774D6F64 
 993      6500
 994              	.LASF21:
 995 00fe 635F6973 		.string	"c_ispeed"
 995      70656564 
 995      00
 996              	.LASF7:
 997 0107 6C6F6E67 		.string	"long unsigned int"
 997      20756E73 
 997      69676E65 
 997      6420696E 
 997      7400
 998              	.LASF18:
 999 0119 635F6C66 		.string	"c_lflag"
GAS LISTING /tmp/ccEgTqWy.s 			page 21


 999      6C616700 
 1000              	.LASF20:
 1001 0121 635F6363 		.string	"c_cc"
 1001      00
 1002              	.LASF33:
 1003 0126 6D61696E 		.string	"main"
 1003      00
 1004              	.LASF26:
 1005 012b 61746578 		.string	"atexit"
 1005      697400
 1006              	.LASF13:
 1007 0132 73706565 		.string	"speed_t"
 1007      645F7400 
 1008              	.LASF2:
 1009 013a 756E7369 		.string	"unsigned int"
 1009      676E6564 
 1009      20696E74 
 1009      00
 1010              	.LASF31:
 1011 0147 6F726967 		.string	"orig_termios"
 1011      5F746572 
 1011      6D696F73 
 1011      00
 1012              	.LASF15:
 1013 0154 635F6966 		.string	"c_iflag"
 1013      6C616700 
 1014              	.LASF34:
 1015 015c 68616E64 		.string	"handler"
 1015      6C657200 
 1016              	.LASF4:
 1017 0164 6C6F6E67 		.string	"long long int"
 1017      206C6F6E 
 1017      6720696E 
 1017      7400
 1018              	.LASF11:
 1019 0172 63686172 		.string	"char"
 1019      00
 1020              	.LASF19:
 1021 0177 635F6C69 		.string	"c_line"
 1021      6E6500
 1022              	.LASF25:
 1023 017e 65786974 		.string	"exit"
 1023      00
 1024              	.LASF12:
 1025 0183 63635F74 		.string	"cc_t"
 1025      00
 1026              	.LASF9:
 1027 0188 73686F72 		.string	"short int"
 1027      7420696E 
 1027      7400
 1028              	.LASF3:
 1029 0192 6C6F6E67 		.string	"long int"
 1029      20696E74 
 1029      00
 1030              	.LASF8:
 1031 019b 7369676E 		.string	"signed char"
 1031      65642063 
GAS LISTING /tmp/ccEgTqWy.s 			page 22


 1031      68617200 
 1032              		.section	.debug_line_str,"MS",@progbits,1
 1033              	.LASF0:
 1034 0000 2E2F6669 		.string	"./files/main.c"
 1034      6C65732F 
 1034      6D61696E 
 1034      2E6300
 1035              	.LASF1:
 1036 000f 2F686F6D 		.string	"/home/nick/Desktop/UniPi/RetiLogiche/Assembler"
 1036      652F6E69 
 1036      636B2F44 
 1036      65736B74 
 1036      6F702F55 
 1037              		.ident	"GCC: (Debian 12.2.0-14) 12.2.0"
 1038 003e 2F686F6D 		.section	.note.GNU-stack,"",@progbits
 1038      652F6E69 
 1038      636B2F44 
 1038      65736B74 
 1038      6F702F55 
GAS LISTING /tmp/ccEgTqWy.s 			page 23


DEFINED SYMBOLS
                            *ABS*:00000000 main.c
                            *ABS*:00000001 LINUX
     /tmp/ccEgTqWy.s:10     .bss:00000000 orig_termios
     /tmp/ccEgTqWy.s:15     .text:00000000 disableRawMode
     /tmp/ccEgTqWy.s:225    .text.__x86.get_pc_thunk.ax:00000000 __x86.get_pc_thunk.ax
     /tmp/ccEgTqWy.s:52     .text:0000002f enableRawMode
     /tmp/ccEgTqWy.s:236    .text.__x86.get_pc_thunk.bx:00000000 __x86.get_pc_thunk.bx
     /tmp/ccEgTqWy.s:145    .text:00000119 handler
     /tmp/ccEgTqWy.s:176    .text:0000014c main

UNDEFINED SYMBOLS
_GLOBAL_OFFSET_TABLE_
tcsetattr
tcgetattr
atexit
puts
exit
signal
_main
GAS LISTING /home/nick/Desktop/UniPi/RetiLogiche/Assembler/Esami/09-01-2024_dir/09-01-2024.s 			page 1


   1              	.include "./files/utility.s"
   1              	#.nolist
   2              	
   3              	#------------------------------------------------------------------------------
   4              	
   5              	.ifdef DOS
   6              	
   7              	.TEXT
   8              	
   9              	inchar: 
  10              	        PUSH %EBX
  11              	inchar_loop:
  12              	        MOV  %AX,%BX 
  13              	        MOV  $0x07,%AH 
  14              	        INT  $0x21
  15              	        MOV  %BH,%AH
  16              	        
  17              	        CMP  $0x0A, %AL         # ignore LF, for input redirection with CRLF files.
  18              	        JE   inchar_loop        # redirection with LF files is not supported
  19              	        
  20              	        POP  %EBX
  21              	        RET
  22              	
  23              	.endif
  24              	
  25              	.ifdef LINUX
  26              	
  27              	.DATA
  28 0000 00       	ic_tmp: .byte 0			 		
  29              	
  30              	.TEXT
  31 0000 53       	inchar:  PUSH %EBX
  32 0001 51       	         PUSH %ECX
  33 0002 52       	         PUSH %EDX
  34              	inchar_loop:
  35 0003 50       	         PUSH %EAX
  36 0004 B8030000 	         MOV $3,%EAX            # sys_read
  36      00
  37 0009 BB000000 	         MOV $0,%EBX            # fd of stdin
  37      00
  38 000e 8D0D0000 	         LEA ic_tmp,%ECX        # address of buffer
  38      0000
  39 0014 BA010000 	         MOV $1,%EDX            # read 1 character
  39      00
  40 0019 CD80     	         INT $0x80
  41 001b 58       	         POP %EAX
  42 001c A0000000 	         MOV ic_tmp,%AL
  42      00
  43              	
  44 0021 3C0D     	         CMP $0x0D, %AL         # ignore CR, for input redirection with CRLF files
  45 0023 74DE     	         JE inchar_loop         # redirection with LF files is supported
  46              	
  47 0025 3C0A     	         CMP $0x0A, %AL         # convert LF to CR, to have the same ENTER behavior as DOS
  48 0027 7502     	         JNE inchar_next
  49 0029 B00D     	         MOV $0x0D, %AL
  50              	
  51              	inchar_next:
GAS LISTING /home/nick/Desktop/UniPi/RetiLogiche/Assembler/Esami/09-01-2024_dir/09-01-2024.s 			page 2


  52 002b 3C7F     	         CMP $0x7F, %AL         # convert delete (0x7f) to backspace (0x08)
  53 002d 7502     	         JNE inchar_fine        # because Linus decided that the backspace key should send a delete
  54 002f B008     	         MOV $0x08, %AL
  55              	
  56              	inchar_fine:
  57 0031 5A       	         POP %EDX
  58 0032 59       	         POP %ECX
  59 0033 5B       	         POP %EBX
  60 0034 C3       	         RET
  61              	
  62              	.endif
  63              	
  64              	#------------------------------------------------------------------------------
  65              	
  66              	.ifdef DOS
  67              	
  68              	.TEXT
  69              	outchar: PUSH %EAX
  70              	         PUSH %EDX
  71              	         MOV $0x02,%AH
  72              	         MOV %AL,%DL
  73              	         INT $0x21
  74              	         POP %EDX
  75              	         POP %EAX
  76              	         RET
  77              	         
  78              	.endif
  79              	
  80              	.ifdef LINUX
  81              	
  82              	.DATA
  83 0001 30       	oc_tmp: .ASCII  "0"
  84              	
  85              	.TEXT
  86 0035 50       	outchar: PUSH %EAX
  87 0036 53       	         PUSH %EBX
  88 0037 51       	         PUSH %ECX
  89 0038 52       	         PUSH %EDX
  90              	
  91 0039 A2010000 	         MOV %al,oc_tmp
  91      00
  92 003e B8040000 	         MOV $4,%EAX       # sys_write
  92      00
  93 0043 BB010000 	         MOV $1,%EBX       # fd of stdout
  93      00
  94 0048 8D0D0100 	         LEA oc_tmp,%ECX   # address of buffer
  94      0000
  95 004e BA010000 	         MOV $1,%EDX       # write 1 character
  95      00
  96 0053 CD80     	         INT $0x80
  97              	
  98 0055 5A       	         POP %EDX
  99 0056 59       	         POP %ECX
 100 0057 5B       	         POP %EBX
 101 0058 58       	         POP %EAX
 102 0059 C3       	         RET
 103              	
GAS LISTING /home/nick/Desktop/UniPi/RetiLogiche/Assembler/Esami/09-01-2024_dir/09-01-2024.s 			page 3


 104              	.endif
 105              	
 106              	//------------------------------------------------------------------------------
 107              	//------------------------------------------------------------------------------
 108              	//------------------------------------------------------------------------------
 109              	
 110              	.TEXT
 111 005a 53       	inbyte:  PUSH %EBX
 112 005b 88E7     	         MOV  %AH,%BH
 113 005d E8A60100 	         CALL inhexchar
 113      00
 114 0062 E8CEFFFF 	         CALL outchar
 114      FF
 115 0067 88C4     	         MOV  %AL,%AH
 116 0069 E89A0100 	         CALL inhexchar
 116      00
 117 006e E8C2FFFF 	         CALL outchar
 117      FF
 118 0073 E8D20100 	         CALL HA2B8
 118      00
 119 0078 88FC     	         MOV  %BH,%AH
 120 007a 5B       	         POP  %EBX
 121 007b C3       	         RET
 122              	//------------------------------------------------------------------------------
 123              	.TEXT
 124 007c E8D9FFFF 	inword:  CALL inbyte
 124      FF
 125 0081 88C4     	         MOV  %AL,%AH
 126 0083 E8D2FFFF 	         CALL inbyte
 126      FF
 127 0088 C3       	         RET
 128              	//------------------------------------------------------------------------------
 129              	.TEXT
 130              	inlong:
 131 0089 E8EEFFFF 	indword:  CALL inword
 131      FF
 132 008e C1E010   	         SHL  $16,%EAX
 133 0091 E8E6FFFF 	         CALL inword
 133      FF
 134 0096 C3       	         RET
 135              	//------------------------------------------------------------------------------
 136              	.TEXT
 137 0097 50       	outbyte: PUSH %EAX
 138 0098 E88D0100 	         CALL B8HA2
 138      00
 139 009d 86C4     	         XCHG %AL,%AH
 140 009f E891FFFF 	         CALL outchar
 140      FF
 141 00a4 86C4     	         XCHG %AL,%AH
 142 00a6 E88AFFFF 	         CALL outchar
 142      FF
 143 00ab 58       	         POP  %EAX
 144 00ac C3       	         RET
 145              	//------------------------------------------------------------------------------
 146              	.TEXT
 147 00ad 86C4     	outword: XCHG %AL,%AH
 148 00af E8E3FFFF 	         CALL outbyte
GAS LISTING /home/nick/Desktop/UniPi/RetiLogiche/Assembler/Esami/09-01-2024_dir/09-01-2024.s 			page 4


 148      FF
 149 00b4 86C4     	         XCHG %AL,%AH
 150 00b6 E8DCFFFF 	         CALL outbyte
 150      FF
 151 00bb C3       	         RET
 152              	//------------------------------------------------------------------------------
 153              	.TEXT
 154              	outlong:
 155 00bc C1C010   	outdword: ROL  $16, %EAX
 156 00bf E8E9FFFF 	              CALL outword
 156      FF
 157 00c4 C1C010   	              ROL  $16,%EAX
 158 00c7 E8E1FFFF 	              CALL outword
 158      FF
 159 00cc C3       	              RET
 160              	
 161              	//------------------------------------------------------------------------------//-----------------
 162              	.TEXT
 163 00cd 50       	newline: PUSH  %EAX
 164 00ce B00D     	         MOV   $0x0D,%AL
 165 00d0 E860FFFF 	         CALL  outchar
 165      FF
 166 00d5 B00A     	         MOV   $0x0A,%AL
 167 00d7 E859FFFF 	         CALL  outchar
 167      FF
 168 00dc 58       	         POP   %EAX
 169 00dd C3       	         RET
 170              	#------------------------------------------------------------------------------
 171              	.DATA
 172 0002 43686563 	L247513: .ASCII  "Checkpoint number "
 172      6B706F69 
 172      6E74206E 
 172      756D6265 
 172      7220
 173 0014 782E2050 	L247003: .ASCII  "x. Press any key to continue"
 173      72657373 
 173      20616E79 
 173      206B6579 
 173      20746F20 
 174 0030 00000000 	L247893: .FILL 1,4
 175              	
 176              	.TEXT
 177 00de 90       	pause :  NOP
 178 00df C6051400 	pause0:  MOVB $0x30,L247003
 178      000030
 179 00e6 EB51     	         JMP L271893     
 180 00e8 C6051400 	pause1:  MOVB $0x31,L247003
 180      000031
 181 00ef EB48     	         JMP L271893     
 182 00f1 C6051400 	pause2:  MOVB $0x32,L247003
 182      000032
 183 00f8 EB3F     	         JMP L271893     
 184 00fa C6051400 	pause3:  MOVB $0x33,L247003
 184      000033
 185 0101 EB36     	         JMP L271893     
 186 0103 C6051400 	pause4:  MOVB $0x34,L247003
 186      000034
GAS LISTING /home/nick/Desktop/UniPi/RetiLogiche/Assembler/Esami/09-01-2024_dir/09-01-2024.s 			page 5


 187 010a EB2D     	         JMP L271893     
 188 010c C6051400 	pause5:  MOVB $0x35,L247003
 188      000035
 189 0113 EB24     	         JMP L271893     
 190 0115 C6051400 	pause6:  MOVB $0x36,L247003
 190      000036
 191 011c EB1B     	         JMP L271893
 192 011e C6051400 	pause7:  MOVB $0x37,L247003
 192      000037
 193 0125 EB12     	         JMP L271893     
 194 0127 C6051400 	pause8:  MOVB $0x38,L247003
 194      000038
 195 012e EB09     	         JMP L271893     
 196 0130 C6051400 	pause9:  MOVB $0x39,L247003
 196      000039
 197 0137 EB00     	         JMP L271893     
 198 0139 50       	L271893: PUSH %EAX
 199 013a 51       	         PUSH %ECX  
 200 013b 56       	         PUSH %ESI
 201 013c E88CFFFF 	         CALL newline
 201      FF
 202 0141 BE020000 	         MOV  $L247513,%ESI
 202      00
 203 0146 66B92E00 	         MOV  $(L247893-L247513),%CX
 204 014a 8A06     	L247527: MOV  (%ESI),%AL
 205 014c E8E4FEFF 	         CALL outchar
 205      FF
 206 0151 46       	         INC  %ESI
 207 0152 6649     	         DEC  %CX
 208 0154 75F4     	         JNZ  L247527
 209 0156 E872FFFF 	         CALL newline
 209      FF
 210 015b E8A0FEFF 	         CALL inchar
 210      FF
 211 0160 5E       	         POP  %ESI
 212 0161 59       	         POP  %ECX
 213 0162 58       	         POP  %EAX
 214 0163 C3       	         RET
 215              	
 216              	#---------------------------------------------------------------------------
 217              	.TEXT
 218 0164 6683F902 	inline:  CMP     $2,%CX
 219 0168 7262     	         JB      L409ABB  # salta a fine
 220 016a 6683F950 	         CMP     $80,%CX
 221 016e 775C     	         JA      L409ABB  # salta a fine
 222              	
 223 0170 50       	         PUSH    %EAX
 224 0171 53       	         PUSH    %EBX
 225 0172 51       	         PUSH    %ECX
 226 0173 52       	         PUSH    %EDX
 227              	
 228 0174 6689CA   	         MOV     %CX, %DX   # salva numero caratteri iniziale
 229              	             
 230 0177 6683F902 	L4004C:  CMP     $2, %CX      #ciclo
 231 017b 7438     	         JE      L40093       #salta a quasi fine
 232 017d E87EFEFF 	         CALL    inchar    
 232      FF
GAS LISTING /home/nick/Desktop/UniPi/RetiLogiche/Assembler/Esami/09-01-2024_dir/09-01-2024.s 			page 6


 233 0182 3C0D     	         CMP     $0x0D,%AL
 234 0184 742F     	         JE      L40093      # salta a quasi fine 
 235              	            
 236 0186 3C08     	         CMP     $0x08,%AL   
 237 0188 740C     	         JE      L67193      #salta a elimina carattere
 238              	             
 239 018a E8A6FEFF 	L50193:  CALL    outchar
 239      FF
 240 018f 8803     	         MOV     %AL,(%EBX)
 241 0191 43       	         INC     %EBX
 242 0192 6649     	         DEC     %CX
 243 0194 EBE1     	         JMP     L4004C      #torna in ciclo
 244              	
 245              	#elimina carattere
 246 0196 6639CA   	L67193:  CMP     %CX, %DX    #impedisce di cancellare oltre l'inizio del buffer
 247 0199 74DC     	         JE      L4004C      
 248 019b 4B       	         DEC     %EBX        
 249 019c 6641     	         INC     %CX
 250 019e B008     	         MOV     $0x08, %AL
 251 01a0 E890FEFF 	         CALL    outchar
 251      FF
 252 01a5 B020     	         MOV     $0x20, %AL
 253 01a7 E889FEFF 	         CALL    outchar 
 253      FF
 254 01ac B008     	         MOV     $0x08, %AL
 255 01ae E882FEFF 	         CALL    outchar
 255      FF
 256 01b3 EBC2     	         JMP     L4004C
 257              	                 
 258 01b5 B00D     	L40093:  MOV     $0x0D,%AL   #quasi fine
 259 01b7 E879FEFF 	         CALL    outchar
 259      FF
 260 01bc 8803     	         MOV     %AL,(%EBX)
 261 01be 43       	         INC     %EBX
 262 01bf B00A     	         MOV     $0x0A,%AL
 263 01c1 E86FFEFF 	         CALL    outchar
 263      FF
 264 01c6 8803     	         MOV     %AL,(%EBX)
 265 01c8 5A       	         POP     %EDX
 266 01c9 59       	         POP     %ECX
 267 01ca 5B       	         POP     %EBX
 268 01cb 58       	         POP     %EAX
 269 01cc C3       	L409ABB: RET
 270              	#------------------------------------------------------------------------------
 271              	
 272              	.TEXT
 273 01cd 50       	outline: PUSH %EAX
 274 01ce 53       	         PUSH %EBX
 275 01cf 51       	         PUSH %ECX
 276 01d0 66B95000 	         MOV $80,%CX
 277 01d4 8A03     	L4001B:  MOV  (%EBX),%AL
 278 01d6 3C0D     	         CMP  $0x0D,%AL
 279 01d8 740C     	         JZ   L4002A
 280 01da 6649     	         DEC %CX
 281 01dc 7408     	         JZ   L4002A
 282 01de E852FEFF 	         CALL outchar
 282      FF
GAS LISTING /home/nick/Desktop/UniPi/RetiLogiche/Assembler/Esami/09-01-2024_dir/09-01-2024.s 			page 7


 283 01e3 43       	         INC  %EBX
 284 01e4 EBEE     	         JMP  L4001B
 285 01e6 E8E2FEFF 	L4002A:  CALL newline
 285      FF
 286 01eb 59       			 POP  %ECX
 287 01ec 5B       	         POP  %EBX
 288 01ed 58       	         POP  %EAX
 289 01ee C3       	         RET
 290              	#------------------------------------------------------------------------------
 291              	
 292              	.TEXT
 293 01ef 50       	outmess:   PUSH   %EAX
 294 01f0 53       		   PUSH   %EBX
 295 01f1 51       		   PUSH   %ECX
 296 01f2 6683F900 	L087509:   CMP    $0,%CX
 297 01f6 740C     		   JE     L087508
 298 01f8 8A03     		   MOV    (%EBX),%AL
 299 01fa E836FEFF 		   CALL   outchar
 299      FF
 300 01ff 43       		   INC    %EBX
 301 0200 6649     		   DEC    %CX
 302 0202 EBEE     		   JMP    L087509
 303 0204 59       	L087508:   POP    %ECX
 304 0205 5B       		   POP    %EBX
 305 0206 58       		   POP    %EAX
 306 0207 C3       		   RET
 307              	#------------------------------------------------------------------------------
 308              	
 309              	.TEXT
 310 0208 E8F3FDFF 	inhexchar: CALL  inchar
 310      FF
 311 020d 3C30     	            CMP   $'0',%AL
 312 020f 72F7     	            JB    inhexchar
 313 0211 3C46     	            CMP   $'F',%AL
 314 0213 77F3     	            JA    inhexchar
 315 0215 3C39     	            CMP   $'9',%AL
 316 0217 7604     	            JBE   L3A89B3
 317 0219 3C41     	            CMP   $'A',%AL
 318 021b 72EB     	            JB    inhexchar
 319 021d C3       	L3A89B3:    RET
 320              	#------------------------------------------------------------------------------
 321              	.TEXT
 322 021e 240F     	B4HA1:    AND    $0x0F,%AL
 323 0220 3C09     	          CMP    $9,%AL
 324 0222 7703     	          JA     L3ACD37
 325 0224 0430     	L3ACD30:  ADD    $0x30,%AL
 326 0226 C3       	          RET
 327 0227 0437     	L3ACD37: ADD    $0x37,%AL
 328 0229 C3       	          RET
 329              	#------------------------------------------------------------------------------
 330              	.TEXT
 331 022a 51       	B8HA2: PUSH    %ECX
 332 022b 88C5     	       MOV     %AL,%CH
 333 022d C0E804   	       SHR     $4,%AL
 334 0230 E8E9FFFF 	       CALL    B4HA1
 334      FF
 335 0235 88C4     	       MOV     %AL,%AH
GAS LISTING /home/nick/Desktop/UniPi/RetiLogiche/Assembler/Esami/09-01-2024_dir/09-01-2024.s 			page 8


 336 0237 88E8     	       MOV     %CH,%AL
 337 0239 E8E0FFFF 	       CALL    B4HA1
 337      FF
 338 023e 59       	       POP     %ECX
 339 023f C3       	       RET
 340              	#------------------------------------------------------------------------------
 341 0240 3C39     	HA1B4:    CMP     $'9',%AL
 342 0242 7703     	          JA      L3KCD37
 343 0244 2C30     	sub_0x30: SUB     $0x30,%AL
 344 0246 C3       	          RET
 345 0247 2C37     	L3KCD37:  SUB     $0x37,%AL
 346 0249 C3       	          RET
 347              	#------------------------------------------------------------------------------
 348              	.TEXT
 349 024a 51       	HA2B8:   PUSH  %ECX
 350 024b 88C5     	         MOV   %AL,%CH
 351 024d 88E0     	         MOV   %AH,%AL
 352 024f E8ECFFFF 	         CALL  HA1B4
 352      FF
 353 0254 88C4     	         MOV   %AL,%AH
 354 0256 C0C404   	         ROL   $4,%AH 
 355 0259 88E8     	         MOV   %CH,%AL
 356 025b E8E0FFFF 	         CALL  HA1B4
 356      FF
 357 0260 08E0     	         OR    %AH,%AL 
 358 0262 59       	         POP   %ECX
 359 0263 C3       	         RET
 360              	#------------------------------------------------------------------------------
 361              	outdecimal_byte:
 362 0264 50       	outdecimal_tiny:  PUSH %EAX  
 363 0265 25FF0000 	                  AND  $0x000000FF,%EAX 
 363      00
 364 026a E80F0000 	                  CALL outdecimal_long 
 364      00
 365 026f 58       	                  POP  %EAX 
 366 0270 C3       	                  RET 
 367              	#------------------------------------------------------------------------------
 368              	outdecimal_word:
 369 0271 50       	outdecimal_short:  PUSH %EAX  
 370 0272 25FFFF00 	                  AND  $0x0000FFFF,%EAX 
 370      00
 371 0277 E8020000 	                  CALL outdecimal_long 
 371      00
 372 027c 58       	                  POP  %EAX 
 373 027d C3       	                  RET 
 374              	#-----------------------------------------------------------
 375              	.DATA
 376 0034 00000000 	resti_cifre:      .fill 11,1
 376      00000000 
 376      000000
 377              	
 378              	.TEXT
 379 027e 50       	outdecimal_long:  PUSH  %EAX
 380 027f 53       		  PUSH  %EBX
 381 0280 51       	                  PUSH  %ECX
 382 0281 52       	                  PUSH  %EDX
 383 0282 56       	                  PUSH  %ESI
GAS LISTING /home/nick/Desktop/UniPi/RetiLogiche/Assembler/Esami/09-01-2024_dir/09-01-2024.s 			page 9


 384 0283 57       	                  PUSH  %EDI
 385 0284 55       		PUSH  %EBP
 386              	
 387 0285 B90A0000 	                  MOV   $10,%ECX
 387      00
 388 028a 3DFFC99A 	                  CMP   $999999999,%EAX
 388      3B
 389 028f 773D     	                  JA    long_L4013K
 390 0291 49       	                  DEC   %ECX
 391 0292 3DFFE0F5 	                  CMP   $99999999,%EAX
 391      05
 392 0297 7735     	                  JA    long_L4013K
 393 0299 49       	                  DEC   %ECX
 394 029a 3D7F9698 	                  CMP   $9999999,%EAX
 394      00
 395 029f 772D     	                  JA    long_L4013K
 396 02a1 49       	                  DEC   %ECX
 397 02a2 3D3F420F 	                  CMP   $999999,%EAX
 397      00
 398 02a7 7725     	                  JA    long_L4013K
 399 02a9 49       	                  DEC   %ECX
 400 02aa 3D9F8601 	                  CMP   $99999,%EAX
 400      00
 401 02af 771D     	                  JA    long_L4013K
 402 02b1 49       	                  DEC   %ECX
 403 02b2 3D0F2700 	                  CMP   $9999,%EAX
 403      00
 404 02b7 7715     	                  JA    long_L4013K
 405 02b9 49       	                  DEC   %ECX
 406 02ba 3DE70300 	                  CMP   $999,%EAX
 406      00
 407 02bf 770D     	                  JA    long_L4013K
 408 02c1 49       	                  DEC   %ECX
 409 02c2 83F863   	                  CMP   $99,%EAX
 410 02c5 7707     	                  JA    long_L4013K
 411 02c7 49       	                  DEC   %ECX
 412 02c8 83F809   	                  CMP   $9,%EAX
 413 02cb 7701     	                  JA    long_L4013K
 414 02cd 49       	                  DEC   %ECX
 415              	
 416 02ce 8D3D3400 	long_L4013K:      LEA   resti_cifre,%EDI
 416      0000
 417 02d4 89CD     	                  MOV   %ECX, %EBP
 418 02d6 01CF     	                  ADD   %ECX,%EDI      # EDI punta sotto alla cifra da inserire per prima
 419 02d8 4F       	                  DEC   %EDI           # EDI torna a puntare alla prima cifra da inserire
 420 02d9 BA000000 	ciclolongL4013K:  MOV   $0,%EDX        # costruzione del dividendo EDX:EAX
 420      00
 421 02de BE0A0000 	                  MOV   $10,%ESI       # divisore in ESI
 421      00
 422 02e3 F7F6     	                  DIVL  %ESI   
 423 02e5 83E20F   	                  AND   $0x0000000F,%EDX # sistemazione del resto_cifra codificato ASCII
 424 02e8 80C230   	                  ADD   $0x30,%DL
 425 02eb 8817     	                  MOV   %DL,(%EDI) 
 426              	
 427 02ed 4F       	                  DEC   %EDI   
 428 02ee 49       	                  DEC   %ECX
 429 02ef 83F900   	                  CMP   $0,%ECX        # Controllo fine ciclo
GAS LISTING /home/nick/Desktop/UniPi/RetiLogiche/Assembler/Esami/09-01-2024_dir/09-01-2024.s 			page 10


 430 02f2 75E5     	                  JNE   ciclolongL4013K
 431              	
 432 02f4 8D1D3400 	                  LEA   resti_cifre,%EBX
 432      0000
 433 02fa 89E9     					  MOV   %EBP, %ECX
 434 02fc E8EEFEFF 	                  CALL  outmess  
 434      FF
 435              	
 436 0301 5D       					  POP   %EBP
 437 0302 5F       					  POP   %EDI
 438 0303 5E       	                  POP   %ESI
 439 0304 5A       	                  POP   %EDX
 440 0305 59       	                  POP   %ECX
 441 0306 5B       					  POP   %EBX
 442 0307 58       	                  POP   %EAX
 443 0308 C3       	                  RET
 444              	#------------------------------------------------------------------------------
 445              	
 446              	.TEXT
 447              	indecimal_byte:
 448 0309 C6054300 	indecimal_tiny:   MOVB  $3,num_cifre_1eWK7
 448      000003
 449 0310 53       	                  PUSH %EBX
 450 0311 50       	                  PUSH %EAX
 451 0312 E82B0000 	                  CALL converti_1eWK6
 451      00
 452 0317 88C3     	                  MOV  %AL,%BL
 453 0319 58       	                  POP  %EAX
 454 031a 88D8     	                  MOV  %BL,%AL
 455 031c 5B       	                  POP  %EBX
 456 031d C3       	                  RET
 457              	
 458              	indecimal_word:
 459 031e C6054300 	indecimal_short:   MOVB  $5,num_cifre_1eWK7
 459      000005
 460 0325 53       	                  PUSH %EBX
 461 0326 50       	                  PUSH %EAX
 462 0327 E8160000 	                  CALL converti_1eWK6
 462      00
 463 032c 6689C3   	                  MOV  %AX,%BX
 464 032f 58       	                  POP  %EAX
 465 0330 6689D8   	                  MOV  %BX,%AX
 466 0333 5B       	                  POP  %EBX
 467 0334 C3       	                  RET
 468              	
 469 0335 C6054300 	indecimal_long:   MOVB  $10,num_cifre_1eWK7
 469      00000A
 470 033c E8010000 	                  CALL  converti_1eWK6
 470      00
 471 0341 C3       	                  RET
 472              	
 473              	#------------------------------------------------------------------------------
 474              	# Converta da decimale a binario in EAX
 475              	
 476              	.DATA
 477 003f 00000000 	prodotti_parziali_1eWK7:   .fill 1,4
 478 0043 00       	num_cifre_1eWK7:            .fill 1,1
GAS LISTING /home/nick/Desktop/UniPi/RetiLogiche/Assembler/Esami/09-01-2024_dir/09-01-2024.s 			page 11


 479              	
 480              	.TEXT   
 481 0342 90       	converti_1eWK6:    NOP
 482 0343 52       		    PUSH %EDX
 483 0344 C7053F00 	P_di_0_1eWK7:    MOVL  $0, prodotti_parziali_1eWK7
 483      00000000 
 483      0000
 484              	                 
 485 034e 803D4300 	ciclo_1eWK7:  CMPB  $0x00,num_cifre_1eWK7     # termina se cifre finite
 485      000000
 486 0355 7439     	                      JE    fine_1eWK7
 487 0357 E8A4FCFF 	new_cifra_1eWK7:   CALL  inchar                    # prelievo eventuale nuova cifra
 487      FF
 488 035c 3C0D     	                      CMP   $0x0D,%AL                 # termina se ritorno carrello
 489 035e 7430     	                      JE    fine_1eWK7 
 490              	                   
 491 0360 3C30     	                      CMP   $'0',%AL                  # scarta cifre non decimali
 492 0362 72F3     	                      JB    new_cifra_1eWK7
 493 0364 3C39     	                      CMP   $'9',%AL
 494 0366 77EF     	                      JA    new_cifra_1eWK7
 495 0368 E8C8FCFF 	                      CALL  outchar
 495      FF
 496              	
 497 036d 50       	                      PUSH  %EAX                      # nuovo prodotto parziale
 498 036e B80A0000 	                      MOV   $10,%EAX
 498      00
 499 0373 F7253F00 	                      MULL  prodotti_parziali_1eWK7    
 499      0000
 500 0379 A33F0000 	                      MOV   %EAX,prodotti_parziali_1eWK7
 500      00
 501 037e 58       	                      POP   %EAX          
 502 037f 83E00F   	                      AND   $0x0000000F,%EAX
 503 0382 01053F00 	                      ADDL  %EAX, prodotti_parziali_1eWK7
 503      0000
 504              	
 505 0388 FE0D4300 	                      DECB  num_cifre_1eWK7                  
 505      0000
 506 038e 75BE     	                      JNE   ciclo_1eWK7                        
 507              	                  
 508 0390 A13F0000 	fine_1eWK7:           MOV   prodotti_parziali_1eWK7,%EAX 
 508      00
 509 0395 5A       	                      POP %EDX
 510 0396 C3       	                      RET
 511              	#-------------------------------------------------------------------------
 512              	.DATA
 513 0044 0A0D0A0D 	LZ647513: .BYTE   0x0A,0x0D,0x0A,0x0D
 514 0048 50726573 	          .ASCII  "Press Q to exit . . . "
 514      73205120 
 514      746F2065 
 514      78697420 
 514      2E202E20 
 515              	LZ567893: .BYTE
 516              	
 517              	.TEXT
 518 0397 BE440000 	exit:          MOV  $LZ647513,%ESI
 518      00
 519 039c 66B91A00 	               MOV  $(LZ567893-LZ647513),%CX
GAS LISTING /home/nick/Desktop/UniPi/RetiLogiche/Assembler/Esami/09-01-2024_dir/09-01-2024.s 			page 12


 520 03a0 8A06     	LZ247AA7:      MOV  (%ESI),%AL
 521 03a2 E88EFCFF 	               CALL outchar
 521      FF
 522 03a7 46       	               INC  %ESI
 523 03a8 6649     	               DEC  %CX
 524 03aa 75F4     	               JNZ  LZ247AA7
 525 03ac E84FFCFF 	waitQ_LZc247A: CALL inchar
 525      FF
 526 03b1 3C51     	               CMP  $'Q',%AL
 527 03b3 75F7     	               JNE  waitQ_LZc247A
 528              	
 529              	.ifdef DOS
 530              	               MOV $0x4C,%AH
 531              	               INT $0x21
 532              	.endif
 533              	
 534              	.ifdef LINUX    
 535 03b5 66B80100 	               MOV $0x0001,%AX
 536 03b9 CD80     	               INT $0x80
 537              	.endif
 538              	
 539              	#----------------------------------------------------------------------------- 
 540              	
 541              	.global _main
   2              	.global _main
   3              	.data
   4 005e 0000     	x:              .word 0
   5 0060 0000     	y:              .word 0
   6              	
   7 0062 64656E74 	msg_1:          .asciz "dentro\r"
   7      726F0D00 
   8 006a 66756F72 	msg_2:          .asciz "fuori\r"
   8      690D00
   9              	.text
  10 03bb 90       	_main:              NOP
  11 03bc 31C0     	                    XOR %EAX, %EAX
  12              	# --- Inserimento -------------------------------
  13 03be E8B9FCFF 	 inse:               CALL inword
  13      FF
  14 03c3 E8830000 	                    CALL abs                    
  14      00
  15 03c8 663DF401 	                    CMP $500, %AX
  16 03cc 777C     	                    JA fine
  17 03ce 66A35E00 	                    MOV %AX, x
  17      0000
  18 03d4 E8F4FCFF 	                    CALL newline
  18      FF
  19              	
  20 03d9 E89EFCFF 	                    CALL inword
  20      FF
  21 03de E8680000 	                    CALL abs
  21      00
  22 03e3 663DF401 	                    CMP $500, %AX
  23 03e7 7761     	                    JA fine
  24 03e9 66A36000 	                    MOV %AX, y
  24      0000
  25 03ef E8D9FCFF 	                    CALL newline
GAS LISTING /home/nick/Desktop/UniPi/RetiLogiche/Assembler/Esami/09-01-2024_dir/09-01-2024.s 			page 13


  25      FF
  26              	
  27 03f4 803D5E00 	                    CMPb $0, x
  27      000000
  28 03fb 7509     	                    JNZ isDentro
  29 03fd 803D6000 	                    CMPb $0, y
  29      000000
  30 0404 7444     	                    JZ fine
  31              	#!-----------------------------------------------
  32 0406 31D2     	 isDentro:          XOR %EDX, %EDX
  33 0408 6603155E 	                    ADD x, %DX
  33      000000
  34 040f 66031560 	                    ADD y, %DX
  34      000000
  35 0416 6681FA80 	                    CMP $128, %DX
  35      00
  36 041b 7718     	                    JA fuori
  37 041d 6683FA40 	                    CMP $64, %DX
  38 0421 7212     	                    JB fuori
  39              	
  40 0423 8D1D6200 	 dentro:            LEA msg_1, %EBX
  40      0000
  41 0429 E89FFDFF 	                    CALL outline
  41      FF
  42 042e E89AFCFF 	                    CALL newline
  42      FF
  43 0433 EB89     	                    JMP inse
  44              	
  45 0435 8D1D6A00 	 fuori:             LEA msg_2, %EBX
  45      0000
  46 043b E88DFDFF 	                    CALL outline
  46      FF
  47 0440 E888FCFF 	                    CALL newline
  47      FF
  48 0445 E974FFFF 	                    JMP inse
  48      FF
  49              	
  50 044a C3       	 fine:              RET
  51              	
  52              	#!-----------------------------------------------
  53              	# --- Funzioni ----------------------------------
  54 044b 6683F800 	 abs:               CMP $0, %AX
  55 044f 7C01     	                    JL negativo                    
  56 0451 C3       	                    RET
  57 0452 66F7D8   	 negativo:          NEG %AX
  58 0455 6640     	                    INC %AX          
  59 0457 C3       	                    RET
GAS LISTING /home/nick/Desktop/UniPi/RetiLogiche/Assembler/Esami/09-01-2024_dir/09-01-2024.s 			page 14


DEFINED SYMBOLS
                            *ABS*:00000001 LINUX
   ./files/utility.s:28     .data:00000000 ic_tmp
   ./files/utility.s:31     .text:00000000 inchar
   ./files/utility.s:34     .text:00000003 inchar_loop
   ./files/utility.s:51     .text:0000002b inchar_next
   ./files/utility.s:56     .text:00000031 inchar_fine
   ./files/utility.s:83     .data:00000001 oc_tmp
   ./files/utility.s:86     .text:00000035 outchar
   ./files/utility.s:111    .text:0000005a inbyte
   ./files/utility.s:310    .text:00000208 inhexchar
   ./files/utility.s:349    .text:0000024a HA2B8
   ./files/utility.s:124    .text:0000007c inword
   ./files/utility.s:130    .text:00000089 inlong
   ./files/utility.s:131    .text:00000089 indword
   ./files/utility.s:137    .text:00000097 outbyte
   ./files/utility.s:331    .text:0000022a B8HA2
   ./files/utility.s:147    .text:000000ad outword
   ./files/utility.s:154    .text:000000bc outlong
   ./files/utility.s:155    .text:000000bc outdword
   ./files/utility.s:163    .text:000000cd newline
   ./files/utility.s:172    .data:00000002 L247513
   ./files/utility.s:173    .data:00000014 L247003
   ./files/utility.s:174    .data:00000030 L247893
   ./files/utility.s:177    .text:000000de pause
   ./files/utility.s:178    .text:000000df pause0
   ./files/utility.s:198    .text:00000139 L271893
   ./files/utility.s:180    .text:000000e8 pause1
   ./files/utility.s:182    .text:000000f1 pause2
   ./files/utility.s:184    .text:000000fa pause3
   ./files/utility.s:186    .text:00000103 pause4
   ./files/utility.s:188    .text:0000010c pause5
   ./files/utility.s:190    .text:00000115 pause6
   ./files/utility.s:192    .text:0000011e pause7
   ./files/utility.s:194    .text:00000127 pause8
   ./files/utility.s:196    .text:00000130 pause9
   ./files/utility.s:204    .text:0000014a L247527
   ./files/utility.s:218    .text:00000164 inline
   ./files/utility.s:269    .text:000001cc L409ABB
   ./files/utility.s:230    .text:00000177 L4004C
   ./files/utility.s:258    .text:000001b5 L40093
   ./files/utility.s:246    .text:00000196 L67193
   ./files/utility.s:239    .text:0000018a L50193
   ./files/utility.s:273    .text:000001cd outline
   ./files/utility.s:277    .text:000001d4 L4001B
   ./files/utility.s:285    .text:000001e6 L4002A
   ./files/utility.s:293    .text:000001ef outmess
   ./files/utility.s:296    .text:000001f2 L087509
   ./files/utility.s:303    .text:00000204 L087508
   ./files/utility.s:319    .text:0000021d L3A89B3
   ./files/utility.s:322    .text:0000021e B4HA1
   ./files/utility.s:327    .text:00000227 L3ACD37
   ./files/utility.s:325    .text:00000224 L3ACD30
   ./files/utility.s:341    .text:00000240 HA1B4
   ./files/utility.s:345    .text:00000247 L3KCD37
   ./files/utility.s:343    .text:00000244 sub_0x30
   ./files/utility.s:361    .text:00000264 outdecimal_byte
GAS LISTING /home/nick/Desktop/UniPi/RetiLogiche/Assembler/Esami/09-01-2024_dir/09-01-2024.s 			page 15


   ./files/utility.s:362    .text:00000264 outdecimal_tiny
   ./files/utility.s:379    .text:0000027e outdecimal_long
   ./files/utility.s:368    .text:00000271 outdecimal_word
   ./files/utility.s:369    .text:00000271 outdecimal_short
   ./files/utility.s:376    .data:00000034 resti_cifre
   ./files/utility.s:416    .text:000002ce long_L4013K
   ./files/utility.s:420    .text:000002d9 ciclolongL4013K
   ./files/utility.s:447    .text:00000309 indecimal_byte
   ./files/utility.s:448    .text:00000309 indecimal_tiny
   ./files/utility.s:478    .data:00000043 num_cifre_1eWK7
   ./files/utility.s:481    .text:00000342 converti_1eWK6
   ./files/utility.s:458    .text:0000031e indecimal_word
   ./files/utility.s:459    .text:0000031e indecimal_short
   ./files/utility.s:469    .text:00000335 indecimal_long
   ./files/utility.s:477    .data:0000003f prodotti_parziali_1eWK7
   ./files/utility.s:483    .text:00000344 P_di_0_1eWK7
   ./files/utility.s:485    .text:0000034e ciclo_1eWK7
   ./files/utility.s:508    .text:00000390 fine_1eWK7
   ./files/utility.s:487    .text:00000357 new_cifra_1eWK7
   ./files/utility.s:513    .data:00000044 LZ647513
   ./files/utility.s:515    .data:0000005e LZ567893
   ./files/utility.s:518    .text:00000397 exit
   ./files/utility.s:520    .text:000003a0 LZ247AA7
   ./files/utility.s:525    .text:000003ac waitQ_LZc247A
/home/nick/Desktop/UniPi/RetiLogiche/Assembler/Esami/09-01-2024_dir/09-01-2024.s:10     .text:000003bb _main
/home/nick/Desktop/UniPi/RetiLogiche/Assembler/Esami/09-01-2024_dir/09-01-2024.s:4      .data:0000005e x
/home/nick/Desktop/UniPi/RetiLogiche/Assembler/Esami/09-01-2024_dir/09-01-2024.s:5      .data:00000060 y
/home/nick/Desktop/UniPi/RetiLogiche/Assembler/Esami/09-01-2024_dir/09-01-2024.s:7      .data:00000062 msg_1
/home/nick/Desktop/UniPi/RetiLogiche/Assembler/Esami/09-01-2024_dir/09-01-2024.s:8      .data:0000006a msg_2
/home/nick/Desktop/UniPi/RetiLogiche/Assembler/Esami/09-01-2024_dir/09-01-2024.s:13     .text:000003be inse
/home/nick/Desktop/UniPi/RetiLogiche/Assembler/Esami/09-01-2024_dir/09-01-2024.s:54     .text:0000044b abs
/home/nick/Desktop/UniPi/RetiLogiche/Assembler/Esami/09-01-2024_dir/09-01-2024.s:50     .text:0000044a fine
/home/nick/Desktop/UniPi/RetiLogiche/Assembler/Esami/09-01-2024_dir/09-01-2024.s:32     .text:00000406 isDentro
/home/nick/Desktop/UniPi/RetiLogiche/Assembler/Esami/09-01-2024_dir/09-01-2024.s:45     .text:00000435 fuori
/home/nick/Desktop/UniPi/RetiLogiche/Assembler/Esami/09-01-2024_dir/09-01-2024.s:40     .text:00000423 dentro
/home/nick/Desktop/UniPi/RetiLogiche/Assembler/Esami/09-01-2024_dir/09-01-2024.s:57     .text:00000452 negativo

NO UNDEFINED SYMBOLS
